<?xml version="1.0" encoding="UTF-8"?>
<testsuites name="jest tests" tests="2" failures="0" errors="0" time="2.182">
  <testsuite name="Home" errors="0" failures="0" skipped="0" timestamp="2026-02-21T13:41:43" time="1.33" tests="2">
    <testcase classname="Home renders the welcome heading" name="Home renders the welcome heading" time="0.166">
    </testcase>
    <testcase classname="Home renders the description" name="Home renders the description" time="0.011">
    </testcase>
  </testsuite>
</testsuites>